// Jest Snapshot v1, https://goo.gl/fbAQLP

exports[`MobileNavigationMenu matches snapshot 1`] = `"<div class=\\"mobileNavigationMenu menuOpen\\"><div class=\\"menuItem searchCategories\\"><div class=\\"text\\">Selaa kategorioita</div><div class=\\"iconWrapper\\"><svg>tags-search.svg</svg></div></div><div class=\\"menuItem searchEvents\\"><div class=\\"text\\">Etsi tekemist√§</div><div class=\\"iconWrapper\\"><svg>one-eye-smiley.svg</svg></div></div><div class=\\"menuItem mostPopular\\"><div class=\\"text\\">Suosituimmat haut</div><div class=\\"iconWrapper\\"><svg>ranking-stars-ribbon.svg</svg></div></div><div class=\\"menuItem aboutService\\"><div class=\\"text\\">Tietoa palvelusta</div><div class=\\"iconWrapper\\"><svg>flag-information.svg</svg></div></div><div class=\\"login\\"><div class=\\"squareExtension\\"></div></div></div>"`;
