// Jest Snapshot v1, https://goo.gl/fbAQLP

exports[`matches snapshot 1`] = `
<div
  class="staticPageHero"
>
  <div
    class="container"
  >
    <h1>
      Om tjänsten
    </h1>
    <p>
      Denna webbplats (tapahtumat.helsinki) använder så kallade webbkakor (cookies). Webbkakor är små textfiler som sparas i webbläsaren när du laddar en webbplats. De låter oss känna igen din dator/IP-adress och används för att samla information om sidorna du besöker och vilka egenskaper du använder dig av.
    </p>
    <p>
      Webbkakorna från vår webbplats samlar inte in personliga uppgifter om användarna. Uppgifterna som samlas in används enbart för att förbättra kvaliteten på och tillgången till vårt innehåll och våra tjänster och för att erbjuda våra besökare bättre stöd. Uppgifterna kan tidvis publiceras, men enbart i aggregatformat utan personligt identifierbara uppgifter, till exempel för att ange den totala mängden besökare på webbplatsen.
    </p>
  </div>
</div>
`;
