// Jest Snapshot v1, https://goo.gl/fbAQLP

exports[`matches snapshot 1`] = `
<div
  class="searchWordFilter"
>
  <div>
    ‘
    text
    ’
  </div>
  <button
    aria-label="eventSearch.filters.buttonRemoveSearchWord"
  >
    <svg
      class="Icon-module_icon__1Jtzj icon_hds-icon__1YqNC Icon-module_s__2WGWe icon_hds-icon--size-s__2Lkik"
      viewBox="0 0 24 24"
      xmlns="http://www.w3.org/2000/svg"
    >
      <g
        fill="none"
        fill-rule="evenodd"
      >
        <path
          d="M0 0h24v24H0z"
        />
        <path
          d="M12 2c5.523 0 10 4.477 10 10s-4.477 10-10 10S2 17.523 2 12 6.477 2 12 2zm0 2a8 8 0 100 16 8 8 0 000-16zm2.828 3.757l1.415 1.415L13.413 12l2.83 2.828-1.415 1.415L12 13.413l-2.828 2.83-1.415-1.415L10.586 12 7.757 9.172l1.415-1.415L12 10.586l2.828-2.829z"
          fill="currentColor"
        />
      </g>
    </svg>
  </button>
</div>
`;
