// Jest Snapshot v1, https://goo.gl/fbAQLP

exports[`Navbar matches snapshot 1`] = `"<div class=\\"iconLink\\"><a href=\\"/test\\"><div class=\\"iconWrapper\\"><svg>search.svg</svg></div><div class=\\"textWrapper\\">test</div></a></div>"`;
