// Jest Snapshot v1, https://goo.gl/fbAQLP

exports[`CollectionCardContainer matches snapshot 1`] = `
<div
  className="collectionCardContainer lgSize"
>
  <div
    className="collectionCardWrapper lgSize"
  >
    <a
      aria-hidden={true}
      aria-label="Siirry tapahtumaan: "
      className="imageWrapper"
      href="/fi/collection/1"
      onClick={[Function]}
      tabIndex={-1}
    />
    <div
      className="textWrapper"
    >
      <div
        className="countWrapper"
      >
        <div
          className="count"
        >
          120 kpl
        </div>
      </div>
      <div
        className="titleWrapper"
      >
        <a
          aria-hidden={true}
          className="title"
          href="/fi/collection/1"
          onClick={[Function]}
          tabIndex={-1}
        >
          Title 1
        </a>
        <div
          className="srOnly"
        >
          Title 1
        </div>
        <div
          className="description"
        >
          Lorem ipsum 1
        </div>
      </div>
      <div
        className="linkWrapper"
      >
        <a
          aria-label="Siirry tapahtumaan: "
          className="iconLink default"
          href="/fi/collection/1"
          onClick={[Function]}
        >
          <div
            className="iconWrapper"
          >
            <svg
              className=""
              height="100%"
              viewBox="0 0 24 24"
              width="100%"
              xmlns="http://www.w3.org/2000/svg"
            >
              <g>
                <polygon
                  points="13.3706831 2 11.5237192 3.84696395 18.0000474 10.3242884 2 10.3242884 2 12.937334 17.9990512 12.937334 11.5237192 19.412666 13.3706831 21.2586338 23 11.6293169"
                />
              </g>
            </svg>
          </div>
        </a>
      </div>
    </div>
  </div>
  <div
    className="collectionCardWrapper lgSize"
  >
    <a
      aria-hidden={true}
      aria-label="Siirry tapahtumaan: "
      className="imageWrapper"
      href="/fi/collection/2"
      onClick={[Function]}
      tabIndex={-1}
    />
    <div
      className="textWrapper"
    >
      <div
        className="countWrapper"
      >
        <div
          className="count"
        >
          120 kpl
        </div>
      </div>
      <div
        className="titleWrapper"
      >
        <a
          aria-hidden={true}
          className="title"
          href="/fi/collection/2"
          onClick={[Function]}
          tabIndex={-1}
        >
          Title 2
        </a>
        <div
          className="srOnly"
        >
          Title 2
        </div>
        <div
          className="description"
        >
          Lorem ipsum 2
        </div>
      </div>
      <div
        className="linkWrapper"
      >
        <a
          aria-label="Siirry tapahtumaan: "
          className="iconLink default"
          href="/fi/collection/2"
          onClick={[Function]}
        >
          <div
            className="iconWrapper"
          >
            <svg
              className=""
              height="100%"
              viewBox="0 0 24 24"
              width="100%"
              xmlns="http://www.w3.org/2000/svg"
            >
              <g>
                <polygon
                  points="13.3706831 2 11.5237192 3.84696395 18.0000474 10.3242884 2 10.3242884 2 12.937334 17.9990512 12.937334 11.5237192 19.412666 13.3706831 21.2586338 23 11.6293169"
                />
              </g>
            </svg>
          </div>
        </a>
      </div>
    </div>
  </div>
</div>
`;
