// Jest Snapshot v1, https://goo.gl/fbAQLP

exports[`CollectionCard matches snapshot 1`] = `
<div
  className="collectionCardWrapper mdSize"
>
  <a
    aria-hidden={true}
    className="imageWrapper"
    href="/fi/collection/1"
    onClick={[Function]}
    tabIndex={-1}
  />
  <div
    className="textWrapper"
  >
    <div
      className="countWrapper"
    >
      <div
        className="count"
      >
        120 kpl
      </div>
    </div>
    <div
      className="titleWrapper"
    >
      <a
        aria-hidden={true}
        className="title"
        href="/fi/collection/1"
        onClick={[Function]}
        tabIndex={-1}
      >
        Test title
      </a>
      <div
        className="srOnly"
      >
        Test title
      </div>
      <div
        className="description"
      >
        Lorem ipsum
      </div>
    </div>
    <div
      className="linkWrapper"
    >
      <a
        href="/fi/collection/1"
        onClick={[Function]}
      >
        <svg
          className=""
          height="100%"
          viewBox="0 0 24 24"
          width="100%"
          xmlns="http://www.w3.org/2000/svg"
        >
          <g>
            <polygon
              points="13.3706831 2 11.5237192 3.84696395 18.0000474 10.3242884 2 10.3242884 2 12.937334 17.9990512 12.937334 11.5237192 19.412666 13.3706831 21.2586338 23 11.6293169"
            />
          </g>
        </svg>
      </a>
    </div>
  </div>
</div>
`;
