// Jest Snapshot v1, https://goo.gl/fbAQLP

exports[`CategoryFilter matched snapshot 1`] = `"<div class=\\"categoryFilter\\"><button><svg>culture.svg</svg><span>test</span><svg>angle-right.svg</svg></button></div>"`;
