// Jest Snapshot v1, https://goo.gl/fbAQLP

exports[`Search matches snapshot 1`] = `
Array [
  <div
    className="searchContainer"
  >
    <button
      className="supriseMeButton"
      onClick={[Function]}
      type="button"
    >
      <div
        className="text"
      >
        Yllätä minut
      </div>
      <svg>
        suprise-me.svg
      </svg>
    </button>
    <div
      className="titleWrapper"
    >
      <h3>
        Löydä itsellesi tekemistä!
      </h3>
    </div>
    <div
      className="autosuggestWrapper"
    >
      <label>
        Mitä etsit?
      </label>
      <div
        className="searchAutosuggest"
        onClick={[Function]}
      >
        <div
          className="iconWrapper"
        >
          <svg>
            search.svg
          </svg>
        </div>
        <div />
        <div
          className="inputWrapper"
        >
          <input
            onChange={[Function]}
            onFocus={[Function]}
            placeholder="Aloita kirjoittamalla tähän, esim. teatteri"
            type="text"
            value=""
          />
        </div>
      </div>
    </div>
    <div
      className="dateSelectorWrapper"
    >
      <label>
        Mille ajankohdalle etsit?
      </label>
      <div
        className="dateSelector"
      >
        <button
          className="button"
          onClick={[Function]}
          type="button"
        >
          <div
            className="iconWrapper"
          >
            <svg>
              calendar.svg
            </svg>
          </div>
          <div
            className="info"
          >
            Valitse ajankohta
          </div>
          <div
            className="arrowWrapper"
          >
            <svg>
              angle-down.svg
            </svg>
          </div>
        </button>
      </div>
    </div>
    <div
      className="buttonWrapper"
    >
      <button
        className="_3wgeeaHxiHujNcKzeML5j4 _3aSBFzRPhZcNdul13_gERo _3bo_TEhSbadoDUbxUTgx4J _2AR2oE9bnVLLmiLEmYiWNc primary"
        disabled={false}
        onClick={[Function]}
        type="button"
      >
        <div
          aria-hidden="true"
          className="_3Wlc6ydCOxrot7DuTOBW8x"
        >
          <svg>
            search.svg
          </svg>
        </div>
        <span
          className="_2zMLCVF6mmvV2UqfaBF5K"
        >
          Hae
        </span>
      </button>
    </div>
  </div>,
  <div
    className="categoriesWrapper"
  >
    <div
      className="categoryFilters"
    >
      <div
        className="categoryFilter"
      >
        <button
          onClick={[Function]}
        >
          <svg>
            movie.svg
          </svg>
          <span>
            Elokuva
          </span>
          <svg
            className=""
            height="100%"
            viewBox="0 0 199.404 199.404"
            width="100%"
            xmlns="http://www.w3.org/2000/svg"
          >
            <g>
              <polygon
                points="63.993,199.404 163.695,99.702 63.993,0 35.709,28.285 107.127,99.702 35.709,171.119  "
              />
            </g>
          </svg>
        </button>
      </div>
      <div
        className="categoryFilter"
      >
        <button
          onClick={[Function]}
        >
          <svg>
            music.svg
          </svg>
          <span>
            Musiikki
          </span>
          <svg
            className=""
            height="100%"
            viewBox="0 0 199.404 199.404"
            width="100%"
            xmlns="http://www.w3.org/2000/svg"
          >
            <g>
              <polygon
                points="63.993,199.404 163.695,99.702 63.993,0 35.709,28.285 107.127,99.702 35.709,171.119  "
              />
            </g>
          </svg>
        </button>
      </div>
      <div
        className="categoryFilter"
      >
        <button
          onClick={[Function]}
        >
          <svg>
            sport.svg
          </svg>
          <span>
            Liikunta ja urheilu
          </span>
          <svg
            className=""
            height="100%"
            viewBox="0 0 199.404 199.404"
            width="100%"
            xmlns="http://www.w3.org/2000/svg"
          >
            <g>
              <polygon
                points="63.993,199.404 163.695,99.702 63.993,0 35.709,28.285 107.127,99.702 35.709,171.119  "
              />
            </g>
          </svg>
        </button>
      </div>
      <div
        className="categoryFilter"
      >
        <button
          onClick={[Function]}
        >
          <svg>
            museum.svg
          </svg>
          <span>
            Museot
          </span>
          <svg
            className=""
            height="100%"
            viewBox="0 0 199.404 199.404"
            width="100%"
            xmlns="http://www.w3.org/2000/svg"
          >
            <g>
              <polygon
                points="63.993,199.404 163.695,99.702 63.993,0 35.709,28.285 107.127,99.702 35.709,171.119  "
              />
            </g>
          </svg>
        </button>
      </div>
      <div
        className="categoryFilter"
      >
        <button
          onClick={[Function]}
        >
          <svg>
            dance.svg
          </svg>
          <span>
            Tanssi
          </span>
          <svg
            className=""
            height="100%"
            viewBox="0 0 199.404 199.404"
            width="100%"
            xmlns="http://www.w3.org/2000/svg"
          >
            <g>
              <polygon
                points="63.993,199.404 163.695,99.702 63.993,0 35.709,28.285 107.127,99.702 35.709,171.119  "
              />
            </g>
          </svg>
        </button>
      </div>
      <div
        className="categoryFilter"
      >
        <button
          onClick={[Function]}
        >
          <svg>
            culture.svg
          </svg>
          <span>
            Kulttuuri ja taide
          </span>
          <svg
            className=""
            height="100%"
            viewBox="0 0 199.404 199.404"
            width="100%"
            xmlns="http://www.w3.org/2000/svg"
          >
            <g>
              <polygon
                points="63.993,199.404 163.695,99.702 63.993,0 35.709,28.285 107.127,99.702 35.709,171.119  "
              />
            </g>
          </svg>
        </button>
      </div>
      <div
        className="categoryFilter"
      >
        <button
          onClick={[Function]}
        >
          <svg
            className=""
            height="100%"
            viewBox="0 0 24 24"
            width="100%"
            xmlns="http://www.w3.org/2000/svg"
          >
            <path
              d="M17.250564,11.2321141 C17.250564,10.8655334 17.497019,10.5435063 17.896874,10.0494683 C18.3886561,9.44432807 19,8.69086368 19,7.56461489 C19,5.62455688 17.3537705,4.8519175 16.469465,4.43627135 C16.2686916,4.3420883 16.0414115,4.23606188 15.9624557,4.17346117 C15.7690139,4.02288108 15.5626007,3.68111505 15.3437802,3.32017403 C14.7854496,2.39582662 13.940622,1 12,1 C10.0283597,1 9.21737029,2.40767 8.68159845,3.33765711 C8.4751853,3.69521431 8.2811795,4.03190461 8.09788914,4.1785369 C8.0206252,4.24057364 7.77247825,4.35505962 7.57339671,4.44755076 C6.673864,4.86263294 5,5.63640026 5,7.56461489 C5,8.69086368 5.61134386,9.44432807 6.10256204,10.0494683 C6.50354496,10.5435063 6.74887206,10.8655334 6.74887206,11.2321141 C6.74887206,11.5090235 6.66089268,11.6455044 6.44150822,11.9539961 C6.15162746,12.3640026 5.75402836,12.9240251 5.75402836,13.9662423 C5.75402836,15.6564615 7.1741057,16.7088302 8.54737351,17.7279246 C9.93699646,18.7577345 11.2493555,19.7305833 11.2493555,21.2645827 L11.2493555,21.2668385 L11.2493555,22.7540284 L12.7506445,22.7540284 L12.7506445,21.2645827 C12.7506445,19.7305833 14.0630035,18.7577345 15.4526265,17.7279246 C16.8253303,16.7088302 18.2459716,15.6564615 18.2459716,13.9662423 C18.2459716,12.9240251 17.8489365,12.3640026 17.5579278,11.9539961 C17.3391073,11.6455044 17.250564,11.5090235 17.250564,11.2321141 M16.3341121,12.8213825 C16.5726716,13.1586368 16.7452465,13.402272 16.7452465,13.9662423 C16.7452465,14.9013052 15.7323558,15.6519497 14.5592975,16.5227199 C13.9479536,16.9755881 13.3050274,17.4521431 12.7506445,18.0042701 L12.7506445,16.0771834 L15.0347245,13.7919755 L13.9738962,12.7311473 L12.7506445,13.9549629 L12.7506445,11.0764583 L15.5304544,8.29552046 L14.4696262,7.23412826 L12.7506445,8.95423783 L12.7506445,5.26417983 L11.2493555,5.26417983 L11.2493555,8.95423783 L9.53037383,7.23412826 L8.4695456,8.29552046 L11.2493555,11.0764583 L11.2493555,13.9549629 L10.0255398,12.7311473 L8.96527554,13.7919755 L11.2493555,16.0771834 L11.2493555,18.0042701 C10.6944086,17.4521431 10.0520464,16.9755881 9.44126652,16.5227199 C8.26764422,15.6519497 7.25418949,14.9013052 7.25418949,13.9662423 C7.25418949,13.402272 7.42676442,13.1586368 7.66532388,12.8213825 C7.92587818,12.4548018 8.24903319,11.9979858 8.24903319,11.2321141 C8.24903319,10.3139704 7.72792459,9.67160812 7.26772478,9.10481792 C6.85602643,8.59668063 6.50016113,8.15903964 6.50016113,7.56461489 C6.50016113,7.01530777 6.62592652,6.53818885 8.20278762,5.80897519 C8.53158234,5.65670319 8.8158234,5.52586207 9.03520786,5.34990332 C9.43901063,5.02674831 9.70182082,4.56993232 9.98042217,4.0871737 C10.5494683,3.09966162 10.9696262,2.5007251 12,2.5007251 C13.0213503,2.5007251 13.4595553,3.10304544 14.0601837,4.0967612 C14.3523203,4.57839188 14.6286658,5.03520786 15.0381083,5.35497905 C15.2507251,5.52135031 15.5203029,5.64824364 15.8316146,5.79431196 C16.8078472,6.25338382 17.4992749,6.64816307 17.4992749,7.56461489 C17.4992749,8.15903964 17.1439736,8.59668063 16.7317112,9.10481792 C16.2726394,9.67160812 15.7504028,10.3139704 15.7504028,11.2321141 C15.7504028,11.9979858 16.0741218,12.4548018 16.3341121,12.8213825"
            />
          </svg>
          <span>
            Luonto ja ulkoilu
          </span>
          <svg
            className=""
            height="100%"
            viewBox="0 0 199.404 199.404"
            width="100%"
            xmlns="http://www.w3.org/2000/svg"
          >
            <g>
              <polygon
                points="63.993,199.404 163.695,99.702 63.993,0 35.709,28.285 107.127,99.702 35.709,171.119  "
              />
            </g>
          </svg>
        </button>
      </div>
      <div
        className="categoryFilter"
      >
        <button
          onClick={[Function]}
        >
          <svg
            className=""
            height="100%"
            viewBox="0 0 24 24"
            width="100%"
            xmlns="http://www.w3.org/2000/svg"
          >
            <path
              d="M14.8294615,20.5124154 C16.4065385,20.5124154 17.2068462,20.6979538 17.9808462,20.8765692 C18.6911538,21.0420308 19.362,21.1971077 20.7417692,21.1971077 L20.7417692,22.9050308 C19.1681538,22.9050308 18.3678462,22.7201846 17.5945385,22.5422615 C16.8835385,22.3761077 16.2113077,22.2210308 14.8294615,22.2210308 C13.4476154,22.2210308 12.7760769,22.3761077 12.0643846,22.5415692 C11.2917692,22.7201846 10.4914615,22.9050308 8.91507692,22.9050308 C7.34007692,22.9050308 6.53907692,22.7201846 5.76507692,22.5415692 C5.05338462,22.3761077 4.38115385,22.2210308 3,22.2210308 L3,20.5124154 C4.57638462,20.5124154 5.37669231,20.6979538 6.15,20.8765692 C6.86169231,21.0420308 7.53392308,21.1971077 8.91507692,21.1971077 C10.2962308,21.1971077 10.9677692,21.0420308 11.6787692,20.8765692 C12.4527692,20.6979538 13.2530769,20.5124154 14.8294615,20.5124154 Z M3.90830769,14.7241 L6.39023077,17.2053308 L3,18.1136385 L3.90830769,14.7241 Z M18.9021692,3.86234615 L20.1164769,5.07665385 L8.57293846,16.6208846 L7.35863077,15.4065769 L18.9021692,3.86234615 Z M16.0396154,1 L17.2546154,2.215 L5.71038462,13.7585385 L4.49607692,12.5442308 L16.0396154,1 Z"
            />
          </svg>
          <span>
            Osallistu ja vaikuta
          </span>
          <svg
            className=""
            height="100%"
            viewBox="0 0 199.404 199.404"
            width="100%"
            xmlns="http://www.w3.org/2000/svg"
          >
            <g>
              <polygon
                points="63.993,199.404 163.695,99.702 63.993,0 35.709,28.285 107.127,99.702 35.709,171.119  "
              />
            </g>
          </svg>
        </button>
      </div>
      <div
        className="categoryFilter"
      >
        <button
          onClick={[Function]}
        >
          <svg>
            theatre.svg
          </svg>
          <span>
            Teatteri
          </span>
          <svg
            className=""
            height="100%"
            viewBox="0 0 199.404 199.404"
            width="100%"
            xmlns="http://www.w3.org/2000/svg"
          >
            <g>
              <polygon
                points="63.993,199.404 163.695,99.702 63.993,0 35.709,28.285 107.127,99.702 35.709,171.119  "
              />
            </g>
          </svg>
        </button>
      </div>
      <div
        className="categoryFilter"
      >
        <button
          onClick={[Function]}
        >
          <svg
            className=""
            height="100%"
            viewBox="0 0 24 24"
            width="100%"
            xmlns="http://www.w3.org/2000/svg"
          >
            <path
              d="M13.9714253,10.9514872 C14.1495802,10.7554905 14.4021203,10.6437617 14.6669574,10.6437617 L15.7581797,10.6437617 C16.2917391,10.6437617 16.8001765,10.4170603 17.1567126,10.0201253 L21,5.74180501 L20.4183844,5.16018943 L17.5935184,7.98505543 L17.1781003,7.56963729 L19.9198676,4.66167257 L19.3382897,4.08009472 L16.4303627,6.821862 L16.0149068,6.40648158 L18.8397728,3.58161558 L18.258195,3 L13.9798747,6.84324964 C13.5829397,7.19982348 13.3562006,7.70826089 13.3562006,8.24182028 L13.3562006,9.4018829 C13.3562006,9.66513571 13.2458298,9.91628017 13.0519453,10.0943219 L11.7379445,11.309155 L3.64251505,3.18784912 C3.39091794,2.93621428 2.96044924,3.14269743 3.00292275,3.49606501 C3.24086497,5.47538366 4.30553191,7.76171113 6.54153997,9.99771918 L8.18653998,11.6427569 L9.95854562,11.6427569 L10.5907069,12.3698613 L4.03439548,18.4314657 L5.65114268,20.0338036 L11.6041869,13.5355065 L17.3328306,20.1243333 L18.9900521,18.5844608 L12.7310553,12.305472 L13.9714253,10.9514872 Z"
            />
          </svg>
          <span>
            Ruoka
          </span>
          <svg
            className=""
            height="100%"
            viewBox="0 0 199.404 199.404"
            width="100%"
            xmlns="http://www.w3.org/2000/svg"
          >
            <g>
              <polygon
                points="63.993,199.404 163.695,99.702 63.993,0 35.709,28.285 107.127,99.702 35.709,171.119  "
              />
            </g>
          </svg>
        </button>
      </div>
    </div>
  </div>,
]
`;
