// Jest Snapshot v1, https://goo.gl/fbAQLP

exports[`Button matches snapshot 1`] = `
<button
  className="btn mdSize primary"
  type="button"
>
  Test
</button>
`;
