// Jest Snapshot v1, https://goo.gl/fbAQLP

exports[`Search matches snapshot 1`] = `
Array [
  <div
    className="searchContainer"
  >
    <button
      className="supriseMeButton"
      onClick={[Function]}
      type="button"
    >
      <div
        className="text"
      >
        Yllätä minut
      </div>
      <svg>
        suprise-me.svg
      </svg>
    </button>
    <div
      className="titleWrapper"
    >
      <h3>
        Löydä itsellesi tekemistä!
      </h3>
    </div>
    <div
      className="autosuggestWrapper"
    >
      <label>
        Mitä etsit?
      </label>
      <div
        className="searchAutosuggest"
        onClick={[Function]}
      >
        <div
          className="iconWrapper"
        >
          <svg>
            search.svg
          </svg>
        </div>
        <div />
        <div
          className="inputWrapper"
        >
          <input
            onChange={[Function]}
            onFocus={[Function]}
            placeholder="Aloita kirjoittamalla tähän, esim. teatteri"
            type="text"
            value=""
          />
        </div>
      </div>
    </div>
    <div
      className="dateSelectorWrapper"
    >
      <label>
        Mille ajankohdalle etsit?
      </label>
      <div
        className="dateSelector"
      >
        <button
          className="button"
          onClick={[Function]}
          type="button"
        >
          <div
            className="iconWrapper"
          >
            <svg>
              calendar.svg
            </svg>
          </div>
          <div
            className="info"
          >
            Valitse ajankohta
          </div>
          <div
            className="arrowWrapper"
          >
            <svg>
              angle-down.svg
            </svg>
          </div>
        </button>
      </div>
    </div>
    <div
      className="buttonWrapper"
    >
      <button
        className="btn btnMediumPrimary btnBlock"
        onClick={[Function]}
        type="button"
      >
        <svg>
          search.svg
        </svg>
        Hae
      </button>
    </div>
  </div>,
  <div
    className="categoryFilters"
  >
    <div
      className="categoryFilter"
    >
      <button
        onClick={[Function]}
      >
        <svg>
          movie.svg
        </svg>
        <span>
          Elokuva
        </span>
        <svg>
          angle-right.svg
        </svg>
      </button>
    </div>
    <div
      className="categoryFilter"
    >
      <button
        onClick={[Function]}
      >
        <svg>
          music.svg
        </svg>
        <span>
          Musiikki
        </span>
        <svg>
          angle-right.svg
        </svg>
      </button>
    </div>
    <div
      className="categoryFilter"
    >
      <button
        onClick={[Function]}
      >
        <svg>
          sport.svg
        </svg>
        <span>
          Liikunta ja urheilu
        </span>
        <svg>
          angle-right.svg
        </svg>
      </button>
    </div>
    <div
      className="categoryFilter"
    >
      <button
        onClick={[Function]}
      >
        <svg>
          museum.svg
        </svg>
        <span>
          Museot
        </span>
        <svg>
          angle-right.svg
        </svg>
      </button>
    </div>
    <div
      className="categoryFilter"
    >
      <button
        onClick={[Function]}
      >
        <svg>
          dance.svg
        </svg>
        <span>
          Tanssi
        </span>
        <svg>
          angle-right.svg
        </svg>
      </button>
    </div>
    <div
      className="categoryFilter"
    >
      <button
        onClick={[Function]}
      >
        <svg>
          culture.svg
        </svg>
        <span>
          Kulttuuri ja taide
        </span>
        <svg>
          angle-right.svg
        </svg>
      </button>
    </div>
    <div
      className="categoryFilter"
    >
      <button
        onClick={[Function]}
      >
        <svg>
          nature.svg
        </svg>
        <span>
          Luonto ja ulkoilu
        </span>
        <svg>
          angle-right.svg
        </svg>
      </button>
    </div>
    <div
      className="categoryFilter"
    >
      <button
        onClick={[Function]}
      >
        <svg>
          influence.svg
        </svg>
        <span>
          Osallistu ja vaikuta
        </span>
        <svg>
          angle-right.svg
        </svg>
      </button>
    </div>
    <div
      className="categoryFilter"
    >
      <button
        onClick={[Function]}
      >
        <svg>
          theatre.svg
        </svg>
        <span>
          Teatteri
        </span>
        <svg>
          angle-right.svg
        </svg>
      </button>
    </div>
    <div
      className="categoryFilter"
    >
      <button
        onClick={[Function]}
      >
        <svg>
          food.svg
        </svg>
        <span>
          Ruoka
        </span>
        <svg>
          angle-right.svg
        </svg>
      </button>
    </div>
  </div>,
]
`;
