// Jest Snapshot v1, https://goo.gl/fbAQLP

exports[`matches snapshot 1`] = `
<button
  class="keyword"
  role="link"
  type="button"
>
  test keyword
</button>
`;
