// Jest Snapshot v1, https://goo.gl/fbAQLP

exports[`CategoryFilters matched snapshot 1`] = `"<div class=\\"categoryFilters\\"><div class=\\"categoryFilter\\"><button><svg xmlns=\\"http://www.w3.org/2000/svg\\" width=\\"100%\\" height=\\"100%\\" viewBox=\\"0 0 24 24\\" class=\\"\\"><path d=\\"M13.3822163,16.4386198 C16.5500995,16.047777 19,13.587923 19,10.6191108 C19,8.95023225 18.6290644,7.46914399 18.2707366,6.03715992 C17.9236894,4.64698076 17.5952223,3.33377571 17.5952223,1.88254811 L17.5952223,1 L7.40411413,1 L7.40411413,1.88254811 C7.40411413,3.33377571 7.07631055,4.64698076 6.72926344,6.03715992 C6.37093563,7.46914399 6,8.95023225 6,10.6191108 C6,13.587923 8.44923689,16.047777 11.6177837,16.4386198 L11.6177837,21.5938952 L6.88852024,21.5932316 L6.88852024,23.3583278 L18.1114798,23.3583278 L18.1114798,21.5932316 L13.3822163,21.5938952 L13.3822163,16.4386198 Z M9.13669542,2.76575979 L15.8633046,2.76575979 C15.9628401,4.08228268 16.2647644,5.28998009 16.5580624,6.46582614 C16.6881221,6.98473789 16.8155275,7.49369608 16.9236894,8.00199071 C16.6622429,8.07498341 16.4439283,8.16456536 16.2488388,8.2455209 C15.9124088,8.3848706 15.6675514,8.48706038 15.2368945,8.48706038 C14.8062376,8.48706038 14.5627074,8.3848706 14.2256138,8.2455209 C13.8155275,8.07564698 13.3059058,7.86396815 12.4996682,7.86396815 C11.6940942,7.86396815 11.1838089,8.07564698 10.7743862,8.2455209 C10.4372926,8.3848706 10.1930989,8.48706038 9.76244194,8.48706038 C9.331785,8.48706038 9.08759124,8.3848706 8.75116125,8.2455209 C8.55607167,8.16456536 8.33709356,8.07498341 8.07564698,8.00199071 C8.18380889,7.49369608 8.31121433,6.98473789 8.44193762,6.46582614 C8.734572,5.28998009 9.03649635,4.08228268 9.13669542,2.76575979 L9.13669542,2.76575979 Z M7.76509622,10.6191108 C7.76509622,10.3304579 7.77969476,10.0471135 7.80291971,9.7677505 C7.89051095,9.80026543 7.97876576,9.83676178 8.07431984,9.87591241 C8.4777704,10.0431321 8.9800929,10.2521566 9.76244194,10.2521566 C10.5454545,10.2521566 11.0464499,10.0431321 11.450564,9.87591241 C11.7956204,9.73324486 12.0451228,9.62906437 12.4996682,9.62906437 C12.9542137,9.62906437 13.203716,9.73324486 13.549436,9.87591241 C13.9528865,10.0431321 14.4545455,10.2521566 15.2368945,10.2521566 C16.0199071,10.2521566 16.521566,10.0431321 16.9256802,9.87591241 C17.0205707,9.83676178 17.1094891,9.80026543 17.1970803,9.7677505 C17.2203052,10.0471135 17.2342402,10.3304579 17.2342402,10.6191108 C17.2342402,12.885866 15.1101526,14.7292634 12.4996682,14.7292634 C9.88918381,14.7292634 7.76509622,12.885866 7.76509622,10.6191108 L7.76509622,10.6191108 Z\\"></path></svg><span>test</span><svg xmlns=\\"http://www.w3.org/2000/svg\\" width=\\"100%\\" height=\\"100%\\" viewBox=\\"0 0 199.404 199.404\\" class=\\"\\"><g><polygon points=\\"63.993,199.404 163.695,99.702 63.993,0 35.709,28.285 107.127,99.702 35.709,171.119  \\"></polygon></g></svg></button></div></div>"`;
