// Jest Snapshot v1, https://goo.gl/fbAQLP

exports[`matches snapshot 1`] = `"<a class=\\"skipLink\\" href=\\"/#maincontent\\">Siirry sisältöön</a>"`;
